// Jest Snapshot v1, https://goo.gl/fbAQLP

exports[`Navbar should match snapshot 1`] = `
<Provider
  store={
    FakeStore {
      "dispatch": [Function],
      "dispatchedActions": Array [],
      "getState": [Function],
      "replaceReducer": [Function],
      "state": Object {
        "navbar": Object {
          "mobileNavbarOpenState": false,
        },
      },
      "subscribe": [Function],
      "subscribers": Array [
        [Function],
      ],
      Symbol(observable): [Function],
    }
  }
>
  <Navbar>
    <Navbar
      contactButtonText="Write to me"
      items={
        Array [
          Object {
            "content": "Skills",
            "id": 1,
            "url": "#skills",
          },
          Object {
            "content": "Realizations",
            "id": 2,
            "url": "#realizations",
          },
          Object {
            "content": "Contact",
            "id": 3,
            "url": "#contact",
          },
        ]
      }
      logoDirectoryName="/dev/"
      logoUserName="BartekBanach"
      mobileMenuState={false}
      onContactButtonClick={[Function]}
      onMobileMenuToggleButtonClick={[Function]}
      onNavItemClick={[Function]}
    >
      <navbarWrapper__NavbarWrapper>
        <div
          className="navbarWrapper__NavbarWrapper-sc-17lj7q5-0 pezyW"
        >
          <Logo
            directoryName="/dev/"
            userName="BartekBanach"
          >
            <logo__LogoWrapper>
              <div
                className="logo__LogoWrapper-sc-1xqfz6q-3 ddKwIZ"
              >
                <logo__LogoElement>
                  <span
                    className="logo__LogoElement-sc-1xqfz6q-2 gtrWvO"
                  >
                    <logo__DirectoryName>
                      <span
                        className="logo__DirectoryName-sc-1xqfz6q-0 dDMeVY"
                      >
                        /dev/
                      </span>
                    </logo__DirectoryName>
                    <logo__UserName>
                      <span
                        className="logo__UserName-sc-1xqfz6q-1 fJaYBw"
                      >
                        BartekBanach
                      </span>
                    </logo__UserName>
                  </span>
                </logo__LogoElement>
              </div>
            </logo__LogoWrapper>
          </Logo>
          <mobileMenuToggleButton__MobileMenuToggleButton
            mobileMenuState={false}
            onClick={[Function]}
          >
            <button
              className="mobileMenuToggleButton__MobileMenuToggleButton-sc-5lyury-1 kZVuFn"
              onClick={[Function]}
            >
              <mobileMenuToggleButton__MobileMenuToggleButtonIcon
                mobileMenuState={false}
              >
                <div
                  className="mobileMenuToggleButton__MobileMenuToggleButtonIcon-sc-5lyury-0 dFPhIK"
                />
              </mobileMenuToggleButton__MobileMenuToggleButtonIcon>
            </button>
          </mobileMenuToggleButton__MobileMenuToggleButton>
          <navbarItems__NavItemsWrapper
            isShownOnMobile={false}
          >
            <nav
              className="navbarItems__NavItemsWrapper-sc-3w6yz4-2 kWuMHv"
            >
              <navbarItems__NavItems
                isShownOnMobile={false}
              >
                <ul
                  className="navbarItems__NavItems-sc-3w6yz4-1 ecgEsl"
                >
                  <NavItemsList
                    items={
                      Array [
                        Object {
                          "content": "Skills",
                          "id": 1,
                          "url": "#skills",
                        },
                        Object {
                          "content": "Realizations",
                          "id": 2,
                          "url": "#realizations",
                        },
                        Object {
                          "content": "Contact",
                          "id": 3,
                          "url": "#contact",
                        },
                      ]
                    }
                    onNavItemClick={[Function]}
                  >
                    <navbarItems__NavItem
                      key="1"
                      onClick={[Function]}
                    >
                      <li
                        className="navbarItems__NavItem-sc-3w6yz4-0 irozit"
                        onClick={[Function]}
                      >
                        <a
                          href="#skills"
                        >
                          Skills
                        </a>
                      </li>
                    </navbarItems__NavItem>
                    <navbarItems__NavItem
                      key="2"
                      onClick={[Function]}
                    >
                      <li
                        className="navbarItems__NavItem-sc-3w6yz4-0 irozit"
                        onClick={[Function]}
                      >
                        <a
                          href="#realizations"
                        >
                          Realizations
                        </a>
                      </li>
                    </navbarItems__NavItem>
                    <navbarItems__NavItem
                      key="3"
                      onClick={[Function]}
                    >
                      <li
                        className="navbarItems__NavItem-sc-3w6yz4-0 irozit"
                        onClick={[Function]}
                      >
                        <a
                          href="#contact"
                        >
                          Contact
                        </a>
                      </li>
                    </navbarItems__NavItem>
                  </NavItemsList>
                  <navbarItems__NavItem
                    key="contact-button"
                  >
                    <li
                      className="navbarItems__NavItem-sc-3w6yz4-0 irozit"
                    >
                      <contactButton__ContactButton
                        onClick={[Function]}
                      >
                        <button
                          className="contactButton__ContactButton-sc-64ke0n-0 hooFnr"
                          onClick={[Function]}
                        >
                          Write to me
                        </button>
                      </contactButton__ContactButton>
                    </li>
                  </navbarItems__NavItem>
                </ul>
              </navbarItems__NavItems>
            </nav>
          </navbarItems__NavItemsWrapper>
        </div>
      </navbarWrapper__NavbarWrapper>
    </Navbar>
  </Navbar>
</Provider>
`;
